[Server] connect to server on:127.0.0.1:57622 verifier on:127.0.0.1:57620
[Server] Alternatively, you can run the client program by pasting the following command into another terminal: 
./E2EBench --ip 127.0.0.1 -p 57622 -v 57620
[Server] Running benchmark
[Server] Accepting
[Server] Doing handshake
[Server] Finished handshake
[Server] Preprocessing circuits
[Server] Preproc HS1 circuit
[Server] Preproc traffic circuit
[Server] Preproc gcm share circuit
[Server] Preproc res circuit
[Server] Preproc psk circuit
[Server] Preproc psk circuit (8-byte nonce)
[Server] Preproc binder circuit
[Server] Preproc gcm vfy circuit
[Server] Preproc ks block circuit
[Server] Preproc aes enc circuit
[Server] Preproc gcm tag circuit
[Server] Reading mask commitments
[Server] Reading key share
[Server] accepted
[Server] Creating key share
[Server] Writing key share
[Server] Deriving PSK binder
[Server] Reading server key share
[Server] Finishing 3PH
[Server] Writing HS_RECV
[Server] Doing ectf
[Server] Finished ectf
[Server] Doing HS derivation
[Server] Finished HS derivation
[Server] Reading cert
[Server] Read cert
[Server] Deriving TS
[Server] Deriving GCM shares
[Server] Calling into derivation circuit
[Server] Derived GCM shares
[Server] Deriving resumption
[Server] Derived resumption
[Server] Deriving psk
[Server] received request:
GET /index.html HTTP/1.1
Host: 127.0.0.1
Connection: keep-alive


[Server] received request:
GET /styles.css HTTP/1.1
Host: 127.0.0.1
Connection: close


[Server] Derived psk
[Server] Shutting down
[Server] GCM tag verified
[Server] GCM tag verified
[Server] GCM tag verified
[Server] GCM tag verified
TIMINGS:
ACCEPT:0.523503s
HANDSHAKE:0.00642333s
HANDSHAKE_DONE:5.4541e-05s
READING_KS:8.8084e-05s
MAKING_KS:2.15e-05s
WRITING_KS:4.916e-06s
READING_SKS:0.0035135s
FINISHING_TPH:3.9125e-05s
WRITING_HS_RECV:6.834e-06s
ECTF_WAIT:0.0166873s
ECTF_DONE:5e-06s
KS_WAIT:0.0671585s
KS_DONE:2.1042e-05s
CIRCUIT_PREPROC:13.7174s
CERT_WAIT:0.0158329s
CERT_WRITE:5.333e-06s
DERIVE_TS_WAIT:0.0206749s
DERIVE_TS:0.0205121s
DERIVE_GCM_SHARES:0.101746s
DERIVE_RES:0.0124155s
SESSION_TICKET:0s
DERIVE_PSK:0.00584354s
DERIVE_PSK_WAIT:0.028686s
PSK_BINDER:0s
MASK_COMMIT:4.5542e-05s
GCM_VERIFY:0.00258092s
KS_DERIVE:0.07556s
AES_ENCRYPT:0.0176s
GCM_TAG:0.000792875s

DATA:
ACCEPT:0 MiB
HANDSHAKE:0 MiB
HANDSHAKE_DONE:0 MiB
READING_KS:6.67572e-05 MiB
MAKING_KS:0 MiB
WRITING_KS:6.67572e-05 MiB
READING_SKS:6.67572e-05 MiB
FINISHING_TPH:0 MiB
WRITING_HS_RECV:9.53674e-07 MiB
ECTF_WAIT:0.242844 MiB
ECTF_DONE:9.53674e-07 MiB
KS_WAIT:0.0725327 MiB
KS_DONE:9.53674e-07 MiB
CIRCUIT_PREPROC:779.63 MiB
CERT_WAIT:3.91006e-05 MiB
CERT_WRITE:3.14713e-05 MiB
DERIVE_TS_WAIT:0 MiB
DERIVE_TS:0.0276108 MiB
DERIVE_GCM_SHARES:0.0488291 MiB
DERIVE_RES:0.0205307 MiB
SESSION_TICKET:0 MiB
DERIVE_PSK:0.0124893 MiB
DERIVE_PSK_WAIT:0 MiB
PSK_BINDER:0 MiB
MASK_COMMIT:0.00195789 MiB
GCM_VERIFY:0.000529289 MiB
KS_DERIVE:0.559694 MiB
AES_ENCRYPT:0.294094 MiB
GCM_TAG:0.0346012 MiB

ACCEPT:0 rounds
HANDSHAKE:0 rounds
HANDSHAKE_DONE:0 rounds
READING_KS:1 rounds
MAKING_KS:0 rounds
WRITING_KS:1 rounds
READING_SKS:1 rounds
FINISHING_TPH:0 rounds
WRITING_HS_RECV:1 rounds
ECTF_WAIT:7 rounds
ECTF_DONE:1 rounds
KS_WAIT:2 rounds
KS_DONE:1 rounds
CIRCUIT_PREPROC:310 rounds
CERT_WAIT:1 rounds
CERT_WRITE:1 rounds
DERIVE_TS_WAIT:0 rounds
DERIVE_TS:2 rounds
DERIVE_GCM_SHARES:4 rounds
DERIVE_RES:2 rounds
SESSION_TICKET:0 rounds
DERIVE_PSK:2 rounds
DERIVE_PSK_WAIT:0 rounds
PSK_BINDER:0 rounds
MASK_COMMIT:1 rounds
GCM_VERIFY:4 rounds
KS_DERIVE:4 rounds
AES_ENCRYPT:6 rounds
GCM_TAG:6 rounds

[Server] Waiting for resumed connection
[Server] Accepting (resumption)
[Server] Doing handshake (resumption)
[Server] Finished handshake (resumption)
[Server] Preprocessing circuits (resumption)
[Server] Preproc HS1 circuit
[Server] Preproc traffic circuit
[Server] Preproc gcm share circuit
[Server] Preproc res circuit
[Server] Preproc psk circuit
[Server] Preproc psk circuit (8-byte nonce)
[Server] Preproc binder circuit
[Server] Preproc gcm vfy circuit
[Server] Preproc ks block circuit
[Server] Preproc aes enc circuit
[Server] Preproc gcm tag circuit
[Server] Reading mask commitments (resumption)
[Server] Reading key share
[Server] accepted
[Server] Creating key share
[Server] Writing key share
[Server] Deriving PSK binder
[Server] Reading server key share
[Server] Finishing 3PH
[Server] Writing HS_RECV
[Server] Doing ectf
[Server] Finished ectf
[Server] Doing HS derivation
[Server] Finished HS derivation
[Server] Reading cert (resumption)
[Server] Writing shares (resumption)
[Server] Deriving TS
[Server] Deriving GCM shares
[Server] Calling into derivation circuit
[Server] Derived GCM shares
[Server] Deriving resumption
[Server] Derived resumption
[Server] Deriving psk
[Server] waiting for request on resumed connection
[Server] received request:
POST /verify HTTP/1.1
Host: 127.0.0.1
Content-Length: 0
Connection: close


[Server] Derived psk
[Server] Shutting down
[Server] GCM tag verified
[Server] GCM tag verified
TIMINGS (resumption):
ACCEPT:1.4708e-05s
HANDSHAKE:0.00146629s
HANDSHAKE_DONE:6.542e-06s
READING_KS:0.000161708s
MAKING_KS:3.0083e-05s
WRITING_KS:5.75e-06s
READING_SKS:0.00705479s
FINISHING_TPH:3.3791e-05s
WRITING_HS_RECV:5.542e-06s
ECTF_WAIT:0.0170491s
ECTF_DONE:5.125e-06s
KS_WAIT:0.112539s
KS_DONE:2.1708e-05s
CIRCUIT_PREPROC:15.7695s
CERT_WAIT:0s
CERT_WRITE:3.834e-06s
DERIVE_TS_WAIT:0.0873122s
DERIVE_TS:0.0479753s
DERIVE_GCM_SHARES:0.118705s
DERIVE_RES:0.0245176s
SESSION_TICKET:0s
DERIVE_PSK:0.00828842s
DERIVE_PSK_WAIT:0.0252342s
PSK_BINDER:0.0623105s
MASK_COMMIT:7.875e-05s
GCM_VERIFY:0.00152379s
KS_DERIVE:0.0779975s
AES_ENCRYPT:0.00746721s
GCM_TAG:0.000431417s

DATA (resumption):
ACCEPT:0 MiB
HANDSHAKE:0 MiB
HANDSHAKE_DONE:0 MiB
READING_KS:6.67572e-05 MiB
MAKING_KS:0 MiB
WRITING_KS:6.67572e-05 MiB
READING_SKS:6.67572e-05 MiB
FINISHING_TPH:0 MiB
WRITING_HS_RECV:9.53674e-07 MiB
ECTF_WAIT:0.242844 MiB
ECTF_DONE:9.53674e-07 MiB
KS_WAIT:0.0725327 MiB
KS_DONE:9.53674e-07 MiB
CIRCUIT_PREPROC:779.63 MiB
CERT_WAIT:0 MiB
CERT_WRITE:3.14713e-05 MiB
DERIVE_TS_WAIT:0 MiB
DERIVE_TS:0.0276108 MiB
DERIVE_GCM_SHARES:0.0488291 MiB
DERIVE_RES:0.0205307 MiB
SESSION_TICKET:0 MiB
DERIVE_PSK:0.0124893 MiB
DERIVE_PSK_WAIT:0 MiB
PSK_BINDER:0.0163813 MiB
MASK_COMMIT:0.00195789 MiB
GCM_VERIFY:0.000490189 MiB
KS_DERIVE:0.559694 MiB
AES_ENCRYPT:0.147047 MiB
GCM_TAG:0.0173006 MiB

ACCEPT:0 rounds
HANDSHAKE:0 rounds
HANDSHAKE_DONE:0 rounds
READING_KS:1 rounds
MAKING_KS:0 rounds
WRITING_KS:1 rounds
READING_SKS:1 rounds
FINISHING_TPH:0 rounds
WRITING_HS_RECV:1 rounds
ECTF_WAIT:7 rounds
ECTF_DONE:1 rounds
KS_WAIT:2 rounds
KS_DONE:1 rounds
CIRCUIT_PREPROC:310 rounds
CERT_WAIT:0 rounds
CERT_WRITE:1 rounds
DERIVE_TS_WAIT:0 rounds
DERIVE_TS:2 rounds
DERIVE_GCM_SHARES:4 rounds
DERIVE_RES:2 rounds
SESSION_TICKET:0 rounds
DERIVE_PSK:2 rounds
DERIVE_PSK_WAIT:0 rounds
PSK_BINDER:3 rounds
MASK_COMMIT:1 rounds
GCM_VERIFY:2 rounds
KS_DERIVE:4 rounds
AES_ENCRYPT:3 rounds
GCM_TAG:3 rounds

