[Server] connect to server on:127.0.0.1:57600 verifier on:127.0.0.1:57599
[Server] Alternatively, you can run the client program by pasting the following command into another terminal: 
./E2EBench --ip 127.0.0.1 -p 57600 -v 57599
[Server] Running benchmark
[Server] Accepting
[Server] Doing handshake
[Server] Finished handshake
[Server] Preprocessing circuits
[Server] Preproc HS1 circuit
[Server] Preproc traffic circuit
[Server] Preproc gcm share circuit
[Server] Preproc res circuit
[Server] Preproc psk circuit
[Server] Preproc psk circuit (8-byte nonce)
[Server] Preproc binder circuit
[Server] Preproc gcm vfy circuit
[Server] Preproc ks block circuit
[Server] Preproc aes enc circuit
[Server] Preproc gcm tag circuit
[Server] Reading mask commitments
[Server] accepted
[Server] Reading key share
[Server] Creating key share
[Server] Writing key share
[Server] Deriving PSK binder
[Server] Reading server key share
[Server] Finishing 3PH
[Server] Writing HS_RECV
[Server] Doing ectf
[Server] Finished ectf
[Server] Doing HS derivation
[Server] Finished HS derivation
[Server] Reading cert
[Server] Read cert
[Server] Deriving TS
[Server] Deriving GCM shares
[Server] Calling into derivation circuit
[Server] Derived GCM shares
[Server] Deriving resumption
[Server] Derived resumption
[Server] Deriving psk
[Server] received request:
GET /index.html HTTP/1.1
Host: 127.0.0.1
Connection: keep-alive


[Server] received request:
GET /styles.css HTTP/1.1
Host: 127.0.0.1
Connection: close


[Server] Derived psk
[Server] Shutting down
[Server] GCM tag verified
[Server] GCM tag verified
[Server] GCM tag verified
[Server] GCM tag verified
TIMINGS:
ACCEPT:0.526166s
HANDSHAKE:0.00502017s
HANDSHAKE_DONE:2.025e-05s
READING_KS:2.9084e-05s
MAKING_KS:2.0916e-05s
WRITING_KS:6.542e-06s
READING_SKS:0.000685667s
FINISHING_TPH:3.2583e-05s
WRITING_HS_RECV:5.542e-06s
ECTF_WAIT:0.0168378s
ECTF_DONE:4.791e-06s
KS_WAIT:0.0669456s
KS_DONE:2.325e-05s
CIRCUIT_PREPROC:13.8359s
CERT_WAIT:0.0147965s
CERT_WRITE:5.417e-06s
DERIVE_TS_WAIT:0.0199053s
DERIVE_TS:0.0197382s
DERIVE_GCM_SHARES:0.10357s
DERIVE_RES:0.0144077s
SESSION_TICKET:0s
DERIVE_PSK:0.00756113s
DERIVE_PSK_WAIT:0.0314705s
PSK_BINDER:0s
MASK_COMMIT:2.1667e-05s
GCM_VERIFY:0.00185475s
KS_DERIVE:0.0718529s
AES_ENCRYPT:0.0171605s
GCM_TAG:0.00087625s

DATA:
ACCEPT:0 MiB
HANDSHAKE:0 MiB
HANDSHAKE_DONE:0 MiB
READING_KS:6.67572e-05 MiB
MAKING_KS:0 MiB
WRITING_KS:6.67572e-05 MiB
READING_SKS:6.67572e-05 MiB
FINISHING_TPH:0 MiB
WRITING_HS_RECV:9.53674e-07 MiB
ECTF_WAIT:0.242844 MiB
ECTF_DONE:9.53674e-07 MiB
KS_WAIT:0.0725327 MiB
KS_DONE:9.53674e-07 MiB
CIRCUIT_PREPROC:779.63 MiB
CERT_WAIT:3.91006e-05 MiB
CERT_WRITE:3.14713e-05 MiB
DERIVE_TS_WAIT:0 MiB
DERIVE_TS:0.0276108 MiB
DERIVE_GCM_SHARES:0.0488291 MiB
DERIVE_RES:0.0205307 MiB
SESSION_TICKET:0 MiB
DERIVE_PSK:0.0124893 MiB
DERIVE_PSK_WAIT:0 MiB
PSK_BINDER:0 MiB
MASK_COMMIT:0.00195789 MiB
GCM_VERIFY:0.000529289 MiB
KS_DERIVE:0.559694 MiB
AES_ENCRYPT:0.294094 MiB
GCM_TAG:0.0346012 MiB

ACCEPT:0 rounds
HANDSHAKE:0 rounds
HANDSHAKE_DONE:0 rounds
READING_KS:1 rounds
MAKING_KS:0 rounds
WRITING_KS:1 rounds
READING_SKS:1 rounds
FINISHING_TPH:0 rounds
WRITING_HS_RECV:1 rounds
ECTF_WAIT:7 rounds
ECTF_DONE:1 rounds
KS_WAIT:2 rounds
KS_DONE:1 rounds
CIRCUIT_PREPROC:310 rounds
CERT_WAIT:1 rounds
CERT_WRITE:1 rounds
DERIVE_TS_WAIT:0 rounds
DERIVE_TS:2 rounds
DERIVE_GCM_SHARES:4 rounds
DERIVE_RES:2 rounds
SESSION_TICKET:0 rounds
DERIVE_PSK:2 rounds
DERIVE_PSK_WAIT:0 rounds
PSK_BINDER:0 rounds
MASK_COMMIT:1 rounds
GCM_VERIFY:4 rounds
KS_DERIVE:4 rounds
AES_ENCRYPT:6 rounds
GCM_TAG:6 rounds

[Server] Waiting for resumed connection
[Server] Accepting (resumption)
[Server] Doing handshake (resumption)
[Server] Finished handshake (resumption)
[Server] Preprocessing circuits (resumption)
[Server] Preproc HS1 circuit
[Server] Preproc traffic circuit
[Server] Preproc gcm share circuit
[Server] Preproc res circuit
[Server] Preproc psk circuit
[Server] Preproc psk circuit (8-byte nonce)
[Server] Preproc binder circuit
[Server] Preproc gcm vfy circuit
[Server] Preproc ks block circuit
[Server] Preproc aes enc circuit
[Server] Preproc gcm tag circuit
[Server] Reading mask commitments (resumption)
[Server] Reading key share
[Server] accepted
[Server] Creating key share
[Server] Writing key share
[Server] Deriving PSK binder
[Server] Reading server key share
[Server] Finishing 3PH
[Server] Writing HS_RECV
[Server] Doing ectf
[Server] Finished ectf
[Server] Doing HS derivation
[Server] Finished HS derivation
[Server] Reading cert (resumption)
[Server] Writing shares (resumption)
[Server] Deriving TS
[Server] Deriving GCM shares
[Server] Calling into derivation circuit
[Server] Derived GCM shares
[Server] Deriving resumption
[Server] Derived resumption
[Server] Deriving psk
[Server] waiting for request on resumed connection
[Server] received request:
POST /verify HTTP/1.1
Host: 127.0.0.1
Content-Length: 0
Connection: close


[Server] Derived psk
[Server] Shutting down
[Server] GCM tag verified
[Server] GCM tag verified
TIMINGS (resumption):
ACCEPT:1.45e-05s
HANDSHAKE:0.00150788s
HANDSHAKE_DONE:6.667e-06s
READING_KS:0.000199041s
MAKING_KS:5.9958e-05s
WRITING_KS:6.25e-06s
READING_SKS:0.00120883s
FINISHING_TPH:3.4041e-05s
WRITING_HS_RECV:7.333e-06s
ECTF_WAIT:0.0170385s
ECTF_DONE:4.584e-06s
KS_WAIT:0.118419s
KS_DONE:2.2083e-05s
CIRCUIT_PREPROC:16.0474s
CERT_WAIT:0s
CERT_WRITE:2.958e-06s
DERIVE_TS_WAIT:0.0944266s
DERIVE_TS:0.0505581s
DERIVE_GCM_SHARES:0.12765s
DERIVE_RES:0.0251871s
SESSION_TICKET:0s
DERIVE_PSK:0.008757s
DERIVE_PSK_WAIT:0.0285523s
PSK_BINDER:0.0868883s
MASK_COMMIT:7.2459e-05s
GCM_VERIFY:0.00157325s
KS_DERIVE:0.086491s
AES_ENCRYPT:0.00917758s
GCM_TAG:0.000362042s

DATA (resumption):
ACCEPT:0 MiB
HANDSHAKE:0 MiB
HANDSHAKE_DONE:0 MiB
READING_KS:6.67572e-05 MiB
MAKING_KS:0 MiB
WRITING_KS:6.67572e-05 MiB
READING_SKS:6.67572e-05 MiB
FINISHING_TPH:0 MiB
WRITING_HS_RECV:9.53674e-07 MiB
ECTF_WAIT:0.242844 MiB
ECTF_DONE:9.53674e-07 MiB
KS_WAIT:0.0725327 MiB
KS_DONE:9.53674e-07 MiB
CIRCUIT_PREPROC:779.63 MiB
CERT_WAIT:0 MiB
CERT_WRITE:3.14713e-05 MiB
DERIVE_TS_WAIT:0 MiB
DERIVE_TS:0.0276108 MiB
DERIVE_GCM_SHARES:0.0488291 MiB
DERIVE_RES:0.0205307 MiB
SESSION_TICKET:0 MiB
DERIVE_PSK:0.0124893 MiB
DERIVE_PSK_WAIT:0 MiB
PSK_BINDER:0.0163813 MiB
MASK_COMMIT:0.00195789 MiB
GCM_VERIFY:0.000490189 MiB
KS_DERIVE:0.559694 MiB
AES_ENCRYPT:0.147047 MiB
GCM_TAG:0.0173006 MiB

ACCEPT:0 rounds
HANDSHAKE:0 rounds
HANDSHAKE_DONE:0 rounds
READING_KS:1 rounds
MAKING_KS:0 rounds
WRITING_KS:1 rounds
READING_SKS:1 rounds
FINISHING_TPH:0 rounds
WRITING_HS_RECV:1 rounds
ECTF_WAIT:7 rounds
ECTF_DONE:1 rounds
KS_WAIT:2 rounds
KS_DONE:1 rounds
CIRCUIT_PREPROC:310 rounds
CERT_WAIT:0 rounds
CERT_WRITE:1 rounds
DERIVE_TS_WAIT:0 rounds
DERIVE_TS:2 rounds
DERIVE_GCM_SHARES:4 rounds
DERIVE_RES:2 rounds
SESSION_TICKET:0 rounds
DERIVE_PSK:2 rounds
DERIVE_PSK_WAIT:0 rounds
PSK_BINDER:3 rounds
MASK_COMMIT:1 rounds
GCM_VERIFY:2 rounds
KS_DERIVE:4 rounds
AES_ENCRYPT:3 rounds
GCM_TAG:3 rounds

